Microchip MPLAB XC8 Compiler V2.31

Linker command line:

-W-3 --edf=C:\Program Files\Microchip\xc8\v2.31\pic\dat\en_msgs.txt -cn \
  -h+dist/default/production\LAB3.X.production.sym \
  --cmf=dist/default/production\LAB3.X.production.cmf -z -Q16F887 \
  -oC:\Users\GONZAL~1\AppData\Local\Temp\svs8.2 --defsym=__MPLAB_BUILD=1 \
  -Mdist/default/production/LAB3.X.production.map -E1 -ver=XC8 Compiler \
  --acfsm=1493 -ASTACK=0110h-016Fh -pstack=STACK -ACODE=00h-07FFhx4 \
  -ASTRCODE=00h-01FFFh -ASTRING=00h-0FFhx32 -ACONST=00h-0FFhx32 \
  -AENTRY=00h-0FFhx32 -ACOMMON=070h-07Fh -ABANK0=020h-06Fh \
  -ABANK1=0A0h-0EFh -ABANK2=0110h-016Fh -ABANK3=0190h-01EFh \
  -ARAM=020h-06Fh,0A0h-0EFh,0110h-016Fh,0190h-01EFh \
  -AABS1=020h-07Fh,0A0h-0EFh,0110h-016Fh,0190h-01EFh -ASFR0=00h-01Fh \
  -ASFR1=080h-09Fh -ASFR2=0100h-010Fh -ASFR3=0180h-018Fh \
  -ACONFIG=02007h-02008h -DCONFIG=2 -AIDLOC=02000h-02003h -DIDLOC=2 \
  -AEEDATA=00h-0FFh/02100h -peeprom_data=EEDATA -DEEDATA=2 -DCODE=2 \
  -DSTRCODE=2 -DSTRING=2 -DCONST=2 -DENTRY=2 \
  -preset_vec=00h,intentry=04h,init,end_init -ppowerup=CODE -pcinit=CODE \
  -pfunctab=ENTRY -k C:\Users\GONZAL~1\AppData\Local\Temp\svs8.o \
  dist/default/production\LAB3.X.production.o 

Object code version is 3.11

Machine type is 16F887



                Name                               Link     Load   Length Selector   Space Scale
C:\Users\GONZAL~1\AppData\Local\Temp\svs8.o
                end_init                              C        C        3        8       0
                reset_vec                             0        0        3        0       0
                config                             2007     2007        2        0       4
dist/default/production\LAB3.X.production.o
                cinit                                 F        F       15        8       0
                intentry                              4        4        8        8       0
                config                             2007     2007        2        0       4
                text16                              4C8      4C8       1B      6B0       0
                text15                              526      526       14      6B0       0
                text14                              4E3      4E3       19      6B0       0
                text13                              480      480       29      6B0       0
                text12                              511      511       15      6B0       0
                text11                              4FC      4FC       15      6B0       0
                text10                              4A9      4A9       1F      6B0       0
                text9                               402      402       2B      6B0       0
                text8                                24       24      16D        8       0
                text7                               53A      53A        7      6B0       0
                text6                               23C      23C       A3        8       0
                text5                               457      457       29      6B0       0
                text4                               42D      42D       2A      6B0       0
                text3                               358      358       45      6B0       0
                text2                               3D6      3D6       2C      6B0       0
                text1                               39D      39D       39      6B0       0
                maintext                            191      191       AB        8       0
                cstackBANK0                          2E       2E        B       20       1
                cstackCOMMON                         70       70        B       70       1
                bssBANK0                             20       20        E       20       1
                bssCOMMON                            7B       7B        1       70       1
                strings                             300      300       58      600       0

TOTAL           Name                               Link     Load   Length     Space
        CLASS   STACK          

        CLASS   CODE           
                end_init                              C        C        3         0
                cinit                                 F        F       15         0
                intentry                              4        4        8         0
                reset_vec                             0        0        3         0
                text16                              4C8      4C8       1B         0
                text15                              526      526       14         0
                text14                              4E3      4E3       19         0
                text13                              480      480       29         0
                text12                              511      511       15         0
                text11                              4FC      4FC       15         0
                text10                              4A9      4A9       1F         0
                text9                               402      402       2B         0
                text8                                24       24      16D         0
                text7                               53A      53A        7         0
                text6                               23C      23C       A3         0
                text5                               457      457       29         0
                text4                               42D      42D       2A         0
                text3                               358      358       45         0
                text2                               3D6      3D6       2C         0
                text1                               39D      39D       39         0
                maintext                            191      191       AB         0

        CLASS   STRCODE        

        CLASS   STRING         
                strings                             300      300       58         0

        CLASS   CONST          

        CLASS   ENTRY          

        CLASS   COMMON         
                cstackCOMMON                         70       70        B         1
                bssCOMMON                            7B       7B        1         1

        CLASS   BANK0          
                cstackBANK0                          2E       2E        B         1
                bssBANK0                             20       20        E         1

        CLASS   BANK1          

        CLASS   BANK2          

        CLASS   BANK3          

        CLASS   RAM            

        CLASS   ABS1           
                abs_s1                               7E       7E        2         1

        CLASS   SFR0           

        CLASS   SFR1           

        CLASS   SFR2           

        CLASS   SFR3           

        CLASS   CONFIG         
                config                             2007     2007        2         4

        CLASS   IDLOC          

        CLASS   EEDATA         



SEGMENTS        Name                           Load    Length   Top    Selector   Space  Class     Delta

                reset_vec                      000000  000003  000003         0       0  CODE        2
                intentry                       000004  0002DB  0002DF         8       0  CODE        2
                bssBANK0                       000020  000019  000039        20       1  BANK0       1
                cstackCOMMON                   000070  00000C  00007C        70       1  COMMON      1
                strings                        000300  000058  000358       600       0  STRING      2
                text3                          000358  0001E9  000541       6B0       0  CODE        2


UNUSED ADDRESS RANGES

        Name                Unused          Largest block    Delta
        BANK0            0039-006F             37           1
        BANK1            00A0-00EF             50           1
        BANK2            0110-016F             60           1
        BANK3            0190-01EF             60           1
        CODE             0003-0003              1           2
                         02DF-02FF             21
                         0541-1FFF            800
        COMMON           007C-007D              2           1
        CONST            0003-0003              1           2
                         02DF-02FF             21
                         0541-1FFF            100
        EEDATA           2100-21FF            100           2
        ENTRY            0003-0003              1           2
                         02DF-02FF             21
                         0541-1FFF            100
        IDLOC            2000-2003              4           2
        RAM              0039-006F             37           1
                         00A0-00EF             50
                         0110-016F             60
                         0190-01EF             60
        SFR0             0000-001F             20           1
        SFR1             0080-009F             20           1
        SFR2             0100-010F             10           1
        SFR3             0180-018F             10           1
        STACK            0110-016F             60           1
        STRCODE          0003-0003              1           2
                         02DF-02FF             21
                         0541-1FFF           1ABF
        STRING           0003-0003              1           2
                         02DF-02FF             21
                         0541-1FFF            100

                                  Symbol Table

ADC@a                    cstackCOMMON 0072
LCDCON@C                 cstackCOMMON 0078
LCDP@D                   cstackCOMMON 0078
LCDPLAY@D                cstackCOMMON 0076
LCDPO@D                  cstackBANK0  0032
LCDPO@POS                cstackCOMMON 007A
LCDPO@x                  cstackBANK0  002E
LCDPO@y                  cstackBANK0  0030
LCDVAL1@Z                cstackBANK0  0035
LCDVAL1@x                cstackBANK0  0033
_ADC                     text6        023C
_ADCON0                  (abs)        001F
_ADCON0bits              (abs)        001F
_ADCON1                  (abs)        009F
_ADRESH                  (abs)        001E
_ANSEL                   (abs)        0188
_INTCONbits              (abs)        000B
_LCDCON                  text12       0511
_LCDP                    text10       04A9
_LCDPLAY                 text11       04FC
_LCDPO                   text9        0402
_LCDTIM                  text14       04E3
_LCDVAL1                 text8        0024
_LCDclear                text7        053A
_PIE1bits                (abs)        008C
_PIR1bits                (abs)        000C
_PORTB                   (abs)        0006
_PORTDbits               (abs)        0008
_Setup                   text4        042D
_TRISA                   (abs)        0085
_TRISB                   (abs)        0086
_TRISDbits               (abs)        0088
__Habs1                  abs1         0000
__Hbank0                 bank0        0000
__Hbank1                 bank1        0000
__Hbank2                 bank2        0000
__Hbank3                 bank3        0000
__HbssBANK0              bssBANK0     0000
__HbssCOMMON             bssCOMMON    0000
__Hcinit                 cinit        0024
__Hclrtext               clrtext      0000
__Hcode                  code         0000
__Hcommon                common       0000
__Hconfig                config       2009
__HcstackBANK0           cstackBANK0  0000
__HcstackCOMMON          cstackCOMMON 0000
__Heeprom_data           eeprom_data  0000
__Hend_init              end_init     000F
__Hfunctab               functab      0000
__Hinit                  init         000C
__Hintentry              intentry     000C
__Hmaintext              maintext     0000
__Hpowerup               powerup      0000
__Hram                   ram          0000
__Hreset_vec             reset_vec    0003
__Hsfr0                  sfr0         0000
__Hsfr1                  sfr1         0000
__Hsfr2                  sfr2         0000
__Hsfr3                  sfr3         0000
__Hspace_0               (abs)        0541
__Hspace_1               (abs)        007C
__Hspace_2               (abs)        0000
__Hspace_3               (abs)        0000
__Hspace_4               (abs)        4010
__Hstack                 stack        0000
__Hstrings               strings      0000
__Htext                  text         0000
__Labs1                  abs1         0000
__Lbank0                 bank0        0000
__Lbank1                 bank1        0000
__Lbank2                 bank2        0000
__Lbank3                 bank3        0000
__LbssBANK0              bssBANK0     0000
__LbssCOMMON             bssCOMMON    0000
__Lcinit                 cinit        000F
__Lclrtext               clrtext      0000
__Lcode                  code         0000
__Lcommon                common       0000
__Lconfig                config       0000
__LcstackBANK0           cstackBANK0  0000
__LcstackCOMMON          cstackCOMMON 0000
__Leeprom_data           eeprom_data  0000
__Lend_init              end_init     000C
__Lfunctab               functab      0000
__Linit                  init         000C
__Lintentry              intentry     0004
__Lmaintext              maintext     0000
__Lpowerup               powerup      0000
__Lram                   ram          0000
__Lreset_vec             reset_vec    0000
__Lsfr0                  sfr0         0000
__Lsfr1                  sfr1         0000
__Lsfr2                  sfr2         0000
__Lsfr3                  sfr3         0000
__Lspace_0               (abs)        0000
__Lspace_1               (abs)        0000
__Lspace_2               (abs)        0000
__Lspace_3               (abs)        0000
__Lspace_4               (abs)        0000
__Lstack                 stack        0000
__Lstrings               strings      0000
__Ltext                  text         0000
__S0                     (abs)        0541
__S1                     (abs)        007C
__S2                     (abs)        0000
__S3                     (abs)        0000
___int_sp                stack        0000
___latbits               (abs)        0002
___sp                    stack        0000
___stackhi               (abs)        0000
___stacklo               (abs)        0000
__delay_ms               text13       0480
__delay_ms@dms           cstackCOMMON 0072
__delay_ms@i             cstackCOMMON 0074
__delay_ms@j             cstackCOMMON 0076
__end_of_ADC             text6        02DF
__end_of_LCDCON          text12       0526
__end_of_LCDP            text10       04C8
__end_of_LCDPLAY         text11       0511
__end_of_LCDPO           text9        042D
__end_of_LCDTIM          text14       04FC
__end_of_LCDVAL1         text8        0191
__end_of_LCDclear        text7        0541
__end_of_Setup           text4        0457
__end_of__delay_ms       text13       04A9
__end_of__initialization cinit        0020
__end_of__stringtab      strings      0306
__end_of_change          text3        039D
__end_of_delay_ms        text5        0480
__end_of_delay_us        text15       053A
__end_of_inLCD           text2        0402
__end_of_isr             text16       04E3
__end_of_main            maintext     023C
__end_of_separate        text1        03D6
__initialization         cinit        000F
__pbssBANK0              bssBANK0     0020
__pbssCOMMON             bssCOMMON    007B
__pcstackBANK0           cstackBANK0  002E
__pcstackCOMMON          cstackCOMMON 0070
__pintentry              intentry     0004
__pmaintext              maintext     0191
__pstrings               strings      0300
__ptext1                 text1        039D
__ptext10                text10       04A9
__ptext11                text11       04FC
__ptext12                text12       0511
__ptext13                text13       0480
__ptext14                text14       04E3
__ptext15                text15       0526
__ptext16                text16       04C8
__ptext2                 text2        03D6
__ptext3                 text3        0358
__ptext4                 text4        042D
__ptext5                 text5        0457
__ptext6                 text6        023C
__ptext7                 text7        053A
__ptext8                 text8        0024
__ptext9                 text9        0402
__size_of_ADC            (abs)        0000
__size_of_LCDCON         (abs)        0000
__size_of_LCDP           (abs)        0000
__size_of_LCDPLAY        (abs)        0000
__size_of_LCDPO          (abs)        0000
__size_of_LCDTIM         (abs)        0000
__size_of_LCDVAL1        (abs)        0000
__size_of_LCDclear       (abs)        0000
__size_of_Setup          (abs)        0000
__size_of__delay_ms      (abs)        0000
__size_of_change         (abs)        0000
__size_of_delay_ms       (abs)        0000
__size_of_delay_us       (abs)        0000
__size_of_inLCD          (abs)        0000
__size_of_isr            (abs)        0000
__size_of_main           (abs)        0000
__size_of_separate       (abs)        0000
__stringbase             strings      0305
__stringtab              strings      0300
_b                       bssBANK0     002C
_camb1                   bssCOMMON    007B
_camb2                   bssBANK0     002A
_change                  text3        0358
_delay_ms                text5        0457
_delay_us                text15       0526
_inLCD                   text2        03D6
_isr                     text16       04C8
_main                    maintext     0191
_send1                   bssBANK0     0028
_send2                   bssBANK0     0026
_send3                   bssBANK0     0024
_send4                   bssBANK0     0022
_separate                text1        039D
btemp                    (abs)        007E
delay_ms@dms             cstackCOMMON 0072
delay_ms@i               cstackCOMMON 0074
delay_ms@j               cstackCOMMON 0076
delay_us@dms             cstackCOMMON 0072
delay_us@i               cstackCOMMON 0074
end_of_initialization    cinit        0020
interrupt_function       intentry     0004
intlevel0                functab      0000
intlevel1                functab      0000
intlevel2                functab      0000
intlevel3                functab      0000
intlevel4                functab      0000
intlevel5                functab      0000
reset_vec                reset_vec    0000
saved_w                  (abs)        007E
start                    init         000C
start_initialization     cinit        000F
wtemp0                   (abs)        007E


FUNCTION INFORMATION:

 *************** function _main *****************
 Defined at:
		line 68 in file "LAB3.c"
 Parameters:    Size  Location     Type
		None
 Auto vars:     Size  Location     Type
		None
 Return value:  Size  Location     Type
                  1    wreg      void 
 Registers used:
		wreg, fsr0l, fsr0h, status,2, status,0, btemp+1, pclath, cstack
 Tracked objects:
		On entry : 
		On exit  : 
		Unchanged: 
 Data sizes:     COMMON   BANK0   BANK1   BANK3   BANK2
      Params:         0       0       0       0       0
      Locals:         0       0       0       0       0
      Temps:          0       1       0       0       0
      Totals:         0       1       0       0       0
Total ram usage:        1 bytes
 Hardware stack levels required when called:    7
 This function calls:
		_LCDPO
		_LCDVAL1
		_LCDclear
		_Setup
		_change
		_delay_ms
		_inLCD
		_separate
 This function is called by:
		Startup code after reset
 This function uses a non-reentrant model


 *************** function _separate *****************
 Defined at:
		line 124 in file "LAB3.c"
 Parameters:    Size  Location     Type
		None
 Auto vars:     Size  Location     Type
		None
 Return value:  Size  Location     Type
                  1    wreg      void 
 Registers used:
		wreg, status,2, status,0
 Tracked objects:
		On entry : 
		On exit  : 
		Unchanged: 
 Data sizes:     COMMON   BANK0   BANK1   BANK3   BANK2
      Params:         0       0       0       0       0
      Locals:         0       0       0       0       0
      Temps:          2       0       0       0       0
      Totals:         2       0       0       0       0
Total ram usage:        2 bytes
 Hardware stack levels used:    1
 Hardware stack levels required when called:    1
 This function calls:
		Nothing
 This function is called by:
		_main
 This function uses a non-reentrant model


 *************** function _inLCD *****************
 Defined at:
		line 20 in file "LCD.c"
 Parameters:    Size  Location     Type
		None
 Auto vars:     Size  Location     Type
		None
 Return value:  Size  Location     Type
                  1    wreg      void 
 Registers used:
		wreg, status,2, status,0, btemp+1, pclath, cstack
 Tracked objects:
		On entry : 
		On exit  : 
		Unchanged: 
 Data sizes:     COMMON   BANK0   BANK1   BANK3   BANK2
      Params:         0       0       0       0       0
      Locals:         0       0       0       0       0
      Temps:          0       0       0       0       0
      Totals:         0       0       0       0       0
Total ram usage:        0 bytes
 Hardware stack levels used:    1
 Hardware stack levels required when called:    4
 This function calls:
		_LCDCON
		__delay_ms
 This function is called by:
		_main
 This function uses a non-reentrant model


 *************** function _change *****************
 Defined at:
		line 103 in file "LAB3.c"
 Parameters:    Size  Location     Type
		None
 Auto vars:     Size  Location     Type
		None
 Return value:  Size  Location     Type
                  1    wreg      void 
 Registers used:
		wreg, fsr0l, fsr0h, status,2, status,0, btemp+1, pclath, cstack
 Tracked objects:
		On entry : 
		On exit  : 
		Unchanged: 
 Data sizes:     COMMON   BANK0   BANK1   BANK3   BANK2
      Params:         0       0       0       0       0
      Locals:         0       0       0       0       0
      Temps:          2       0       0       0       0
      Totals:         2       0       0       0       0
Total ram usage:        2 bytes
 Hardware stack levels used:    1
 Hardware stack levels required when called:    2
 This function calls:
		_ADC
		_delay_ms
 This function is called by:
		_main
 This function uses a non-reentrant model


 *************** function _Setup *****************
 Defined at:
		line 86 in file "LAB3.c"
 Parameters:    Size  Location     Type
		None
 Auto vars:     Size  Location     Type
		None
 Return value:  Size  Location     Type
                  1    wreg      void 
 Registers used:
		wreg, fsr0l, fsr0h, status,2, status,0, btemp+1, pclath, cstack
 Tracked objects:
		On entry : 
		On exit  : 
		Unchanged: 
 Data sizes:     COMMON   BANK0   BANK1   BANK3   BANK2
      Params:         0       0       0       0       0
      Locals:         0       0       0       0       0
      Temps:          0       0       0       0       0
      Totals:         0       0       0       0       0
Total ram usage:        0 bytes
 Hardware stack levels used:    1
 Hardware stack levels required when called:    2
 This function calls:
		_ADC
		_delay_ms
 This function is called by:
		_main
 This function uses a non-reentrant model


 *************** function _delay_ms *****************
 Defined at:
		line 118 in file "LAB3.c"
 Parameters:    Size  Location     Type
  dms             2    2[COMMON] unsigned int 
 Auto vars:     Size  Location     Type
  j               2    6[COMMON] int 
  i               2    4[COMMON] int 
 Return value:  Size  Location     Type
                  1    wreg      void 
 Registers used:
		wreg, status,2, btemp+1
 Tracked objects:
		On entry : 
		On exit  : 
		Unchanged: 
 Data sizes:     COMMON   BANK0   BANK1   BANK3   BANK2
      Params:         2       0       0       0       0
      Locals:         4       0       0       0       0
      Temps:          0       0       0       0       0
      Totals:         6       0       0       0       0
Total ram usage:        6 bytes
 Hardware stack levels used:    1
 Hardware stack levels required when called:    1
 This function calls:
		Nothing
 This function is called by:
		_main
		_Setup
		_change
 This function uses a non-reentrant model


 *************** function _ADC *****************
 Defined at:
		line 11 in file "ADC_3.c"
 Parameters:    Size  Location     Type
  a               2    2[COMMON] int 
 Auto vars:     Size  Location     Type
		None
 Return value:  Size  Location     Type
                  1    wreg      void 
 Registers used:
		wreg, fsr0l, fsr0h, status,2, status,0
 Tracked objects:
		On entry : 
		On exit  : 
		Unchanged: 
 Data sizes:     COMMON   BANK0   BANK1   BANK3   BANK2
      Params:         2       0       0       0       0
      Locals:         0       0       0       0       0
      Temps:          0       0       0       0       0
      Totals:         2       0       0       0       0
Total ram usage:        2 bytes
 Hardware stack levels used:    1
 Hardware stack levels required when called:    1
 This function calls:
		Nothing
 This function is called by:
		_Setup
		_change
 This function uses a non-reentrant model


 *************** function _LCDclear *****************
 Defined at:
		line 57 in file "LCD.c"
 Parameters:    Size  Location     Type
		None
 Auto vars:     Size  Location     Type
		None
 Return value:  Size  Location     Type
                  1    wreg      void 
 Registers used:
		wreg, status,2, status,0, btemp+1, pclath, cstack
 Tracked objects:
		On entry : 
		On exit  : 
		Unchanged: 
 Data sizes:     COMMON   BANK0   BANK1   BANK3   BANK2
      Params:         0       0       0       0       0
      Locals:         0       0       0       0       0
      Temps:          0       0       0       0       0
      Totals:         0       0       0       0       0
Total ram usage:        0 bytes
 Hardware stack levels used:    1
 Hardware stack levels required when called:    4
 This function calls:
		_LCDCON
 This function is called by:
		_main
 This function uses a non-reentrant model


 *************** function _LCDVAL1 *****************
 Defined at:
		line 85 in file "LCD.c"
 Parameters:    Size  Location     Type
  x               2    5[BANK0 ] int 
  Z               2    7[BANK0 ] int 
 Auto vars:     Size  Location     Type
		None
 Return value:  Size  Location     Type
                  1    wreg      void 
 Registers used:
		wreg, fsr0l, fsr0h, status,2, status,0, btemp+1, pclath, cstack
 Tracked objects:
		On entry : 
		On exit  : 
		Unchanged: 
 Data sizes:     COMMON   BANK0   BANK1   BANK3   BANK2
      Params:         0       4       0       0       0
      Locals:         0       0       0       0       0
      Temps:          0       1       0       0       0
      Totals:         0       5       0       0       0
Total ram usage:        5 bytes
 Hardware stack levels used:    1
 Hardware stack levels required when called:    6
 This function calls:
		_LCDPO
 This function is called by:
		_main
 This function uses a non-reentrant model


 *************** function _LCDPO *****************
 Defined at:
		line 68 in file "LCD.c"
 Parameters:    Size  Location     Type
  x               2    0[BANK0 ] int 
  y               2    2[BANK0 ] int 
  D               1    4[BANK0 ] PTR unsigned char 
		 -> STR_21(2), STR_20(2), STR_19(2), STR_18(2), 
		 -> STR_17(2), STR_16(2), STR_15(2), STR_14(2), 
		 -> STR_13(2), STR_12(2), STR_11(2), STR_10(2), 
		 -> STR_9(2), STR_8(2), STR_7(2), STR_6(2), 
		 -> STR_5(2), STR_4(17), STR_3(16), STR_2(6), 
		 -> STR_1(13), 
 Auto vars:     Size  Location     Type
  POS             1   10[COMMON] unsigned char 
 Return value:  Size  Location     Type
                  1    wreg      void 
 Registers used:
		wreg, fsr0l, fsr0h, status,2, status,0, btemp+1, pclath, cstack
 Tracked objects:
		On entry : 
		On exit  : 
		Unchanged: 
 Data sizes:     COMMON   BANK0   BANK1   BANK3   BANK2
      Params:         0       5       0       0       0
      Locals:         1       0       0       0       0
      Temps:          1       0       0       0       0
      Totals:         2       5       0       0       0
Total ram usage:        7 bytes
 Hardware stack levels used:    1
 Hardware stack levels required when called:    5
 This function calls:
		_LCDCON
		_LCDP
 This function is called by:
		_main
		_LCDVAL1
 This function uses a non-reentrant model


 *************** function _LCDP *****************
 Defined at:
		line 61 in file "LCD.c"
 Parameters:    Size  Location     Type
  D               1    wreg     PTR unsigned char 
		 -> STR_21(2), STR_20(2), STR_19(2), STR_18(2), 
		 -> STR_17(2), STR_16(2), STR_15(2), STR_14(2), 
		 -> STR_13(2), STR_12(2), STR_11(2), STR_10(2), 
		 -> STR_9(2), STR_8(2), STR_7(2), STR_6(2), 
		 -> STR_5(2), STR_4(17), STR_3(16), STR_2(6), 
		 -> STR_1(13), 
 Auto vars:     Size  Location     Type
  D               1    8[COMMON] PTR unsigned char 
		 -> STR_21(2), STR_20(2), STR_19(2), STR_18(2), 
		 -> STR_17(2), STR_16(2), STR_15(2), STR_14(2), 
		 -> STR_13(2), STR_12(2), STR_11(2), STR_10(2), 
		 -> STR_9(2), STR_8(2), STR_7(2), STR_6(2), 
		 -> STR_5(2), STR_4(17), STR_3(16), STR_2(6), 
		 -> STR_1(13), 
 Return value:  Size  Location     Type
                  1    wreg      void 
 Registers used:
		wreg, fsr0l, fsr0h, status,2, status,0, pclath, cstack
 Tracked objects:
		On entry : 
		On exit  : 
		Unchanged: 
 Data sizes:     COMMON   BANK0   BANK1   BANK3   BANK2
      Params:         0       0       0       0       0
      Locals:         1       0       0       0       0
      Temps:          1       0       0       0       0
      Totals:         2       0       0       0       0
Total ram usage:        2 bytes
 Hardware stack levels used:    1
 Hardware stack levels required when called:    4
 This function calls:
		_LCDPLAY
 This function is called by:
		_LCDPO
 This function uses a non-reentrant model


 *************** function _LCDPLAY *****************
 Defined at:
		line 51 in file "LCD.c"
 Parameters:    Size  Location     Type
  D               1    wreg     unsigned char 
 Auto vars:     Size  Location     Type
  D               1    6[COMMON] unsigned char 
 Return value:  Size  Location     Type
                  1    wreg      void 
 Registers used:
		wreg, status,2, status,0, pclath, cstack
 Tracked objects:
		On entry : 
		On exit  : 
		Unchanged: 
 Data sizes:     COMMON   BANK0   BANK1   BANK3   BANK2
      Params:         0       0       0       0       0
      Locals:         1       0       0       0       0
      Temps:          0       0       0       0       0
      Totals:         1       0       0       0       0
Total ram usage:        1 bytes
 Hardware stack levels used:    1
 Hardware stack levels required when called:    3
 This function calls:
		_LCDTIM
		_delay_us
 This function is called by:
		_LCDP
 This function uses a non-reentrant model


 *************** function _LCDCON *****************
 Defined at:
		line 37 in file "LCD.c"
 Parameters:    Size  Location     Type
  C               1    wreg     unsigned char 
 Auto vars:     Size  Location     Type
  C               1    8[COMMON] unsigned char 
 Return value:  Size  Location     Type
                  1    wreg      void 
 Registers used:
		wreg, status,2, status,0, btemp+1, pclath, cstack
 Tracked objects:
		On entry : 
		On exit  : 
		Unchanged: 
 Data sizes:     COMMON   BANK0   BANK1   BANK3   BANK2
      Params:         0       0       0       0       0
      Locals:         1       0       0       0       0
      Temps:          0       0       0       0       0
      Totals:         1       0       0       0       0
Total ram usage:        1 bytes
 Hardware stack levels used:    1
 Hardware stack levels required when called:    3
 This function calls:
		_LCDTIM
		__delay_ms
 This function is called by:
		_inLCD
		_LCDclear
		_LCDPO
 This function uses a non-reentrant model


 *************** function __delay_ms *****************
 Defined at:
		line 34 in file "LCD.c"
 Parameters:    Size  Location     Type
  dms             2    2[COMMON] unsigned int 
 Auto vars:     Size  Location     Type
  j               2    6[COMMON] int 
  i               2    4[COMMON] int 
 Return value:  Size  Location     Type
                  1    wreg      void 
 Registers used:
		wreg, status,2, btemp+1
 Tracked objects:
		On entry : 
		On exit  : 
		Unchanged: 
 Data sizes:     COMMON   BANK0   BANK1   BANK3   BANK2
      Params:         2       0       0       0       0
      Locals:         4       0       0       0       0
      Temps:          0       0       0       0       0
      Totals:         6       0       0       0       0
Total ram usage:        6 bytes
 Hardware stack levels used:    1
 Hardware stack levels required when called:    1
 This function calls:
		Nothing
 This function is called by:
		_inLCD
		_LCDCON
 This function uses a non-reentrant model


 *************** function _LCDTIM *****************
 Defined at:
		line 43 in file "LCD.c"
 Parameters:    Size  Location     Type
		None
 Auto vars:     Size  Location     Type
		None
 Return value:  Size  Location     Type
                  1    wreg      void 
 Registers used:
		wreg, status,2, status,0, pclath, cstack
 Tracked objects:
		On entry : 
		On exit  : 
		Unchanged: 
 Data sizes:     COMMON   BANK0   BANK1   BANK3   BANK2
      Params:         0       0       0       0       0
      Locals:         0       0       0       0       0
      Temps:          0       0       0       0       0
      Totals:         0       0       0       0       0
Total ram usage:        0 bytes
 Hardware stack levels used:    1
 Hardware stack levels required when called:    2
 This function calls:
		_delay_us
 This function is called by:
		_LCDCON
		_LCDPLAY
 This function uses a non-reentrant model


 *************** function _delay_us *****************
 Defined at:
		line 49 in file "LCD.c"
 Parameters:    Size  Location     Type
  dms             2    2[COMMON] unsigned int 
 Auto vars:     Size  Location     Type
  i               2    4[COMMON] int 
 Return value:  Size  Location     Type
                  1    wreg      void 
 Registers used:
		wreg, status,2
 Tracked objects:
		On entry : 
		On exit  : 
		Unchanged: 
 Data sizes:     COMMON   BANK0   BANK1   BANK3   BANK2
      Params:         2       0       0       0       0
      Locals:         2       0       0       0       0
      Temps:          0       0       0       0       0
      Totals:         4       0       0       0       0
Total ram usage:        4 bytes
 Hardware stack levels used:    1
 Hardware stack levels required when called:    1
 This function calls:
		Nothing
 This function is called by:
		_LCDTIM
		_LCDPLAY
 This function uses a non-reentrant model


 *************** function _isr *****************
 Defined at:
		line 58 in file "LAB3.c"
 Parameters:    Size  Location     Type
		None
 Auto vars:     Size  Location     Type
		None
 Return value:  Size  Location     Type
                  1    wreg      void 
 Registers used:
		wreg, status,2, status,0
 Tracked objects:
		On entry : 
		On exit  : 
		Unchanged: 
 Data sizes:     COMMON   BANK0   BANK1   BANK3   BANK2
      Params:         0       0       0       0       0
      Locals:         0       0       0       0       0
      Temps:          2       0       0       0       0
      Totals:         2       0       0       0       0
Total ram usage:        2 bytes
 Hardware stack levels used:    1
 This function calls:
		Nothing
 This function is called by:
		Interrupt level 1
 This function uses a non-reentrant model



MODULE INFORMATION

Module		Function		Class		Link	Load	Size
ADC_3.c
		_ADC           		CODE           	023C	0000	163

ADC_3.c estimated size: 163

shared
		__stringtab    		STRING         	0300	0000	6
		__initialization		CODE           	000F	0000	17

shared estimated size: 23

LAB3.c
		_main          		CODE           	0191	0000	171
		_separate      		CODE           	039D	0000	57
		_Setup         		CODE           	042D	0000	42
		_change        		CODE           	0358	0000	69
		_isr           		CODE           	04C8	0000	27
		_delay_ms      		CODE           	0457	0000	41

LAB3.c estimated size: 407

LCD.c
		_LCDP          		CODE           	04A9	0000	31
		_inLCD         		CODE           	03D6	0000	44
		_delay_us      		CODE           	0526	0000	20
		_LCDCON        		CODE           	0511	0000	21
		_LCDTIM        		CODE           	04E3	0000	25
		__delay_ms     		CODE           	0480	0000	41
		_LCDVAL1       		CODE           	0024	0000	365
		_LCDPO         		CODE           	0402	0000	43
		_LCDPLAY       		CODE           	04FC	0000	21
		_LCDclear      		CODE           	053A	0000	7

LCD.c estimated size: 618

